---
source: crates/elasticctl-cli/tests/snapshots_render.rs
expression: rendered
---
{
  "clean": false,
  "local": 1,
  "remote": 2,
  "changes": [
    {
      "change": "remote_only",
      "rule_id": "elasticctl-sample-b",
      "name": "elasticctl sample B"
    }
  ],
  "exceptions": {
    "local": 0,
    "remote": 0,
    "changes": [],
    "dangling": []
  },
  "selected": 1,
  "local_total": 2
}
